INFO: [VRFC 10-2263] Analyzing SystemVerilog file "C:/Users/Acer/Desktop/angi cid/sb4_refacut_cv/sb4_refacut_cv.srcs/sources_1/new/add.sv" into library xil_defaultlib
INFO: [VRFC 10-311] analyzing module add
INFO: [VRFC 10-2263] Analyzing SystemVerilog file "C:/Users/Acer/Desktop/angi cid/sb4_refacut_cv/sb4_refacut_cv.srcs/sources_1/new/comp.sv" into library xil_defaultlib
INFO: [VRFC 10-311] analyzing module comp
INFO: [VRFC 10-2263] Analyzing SystemVerilog file "C:/Users/Acer/Desktop/angi cid/sb4_refacut_cv/sb4_refacut_cv.srcs/sources_1/new/mux2.sv" into library xil_defaultlib
INFO: [VRFC 10-311] analyzing module mux2
INFO: [VRFC 10-2263] Analyzing SystemVerilog file "C:/Users/Acer/Desktop/angi cid/sb4_refacut_cv/sb4_refacut_cv.srcs/sources_1/new/mux4.sv" into library xil_defaultlib
INFO: [VRFC 10-311] analyzing module mux4
INFO: [VRFC 10-2263] Analyzing SystemVerilog file "C:/Users/Acer/Desktop/angi cid/sb4_refacut_cv/sb4_refacut_cv.srcs/sources_1/new/or_bw.sv" into library xil_defaultlib
INFO: [VRFC 10-311] analyzing module or_bw
INFO: [VRFC 10-2263] Analyzing SystemVerilog file "C:/Users/Acer/Desktop/angi cid/sb4_refacut_cv/sb4_refacut_cv.srcs/sources_1/new/rom.sv" into library xil_defaultlib
INFO: [VRFC 10-311] analyzing module rom
INFO: [VRFC 10-2263] Analyzing SystemVerilog file "C:/Users/Acer/Desktop/angi cid/sb4_refacut_cv/sb4_refacut_cv.srcs/sources_1/new/shl.sv" into library xil_defaultlib
INFO: [VRFC 10-311] analyzing module shl
INFO: [VRFC 10-2263] Analyzing SystemVerilog file "C:/Users/Acer/Desktop/angi cid/sb4_refacut_cv/sb4_refacut_cv.srcs/sources_1/new/sub.sv" into library xil_defaultlib
INFO: [VRFC 10-311] analyzing module sub
INFO: [VRFC 10-2263] Analyzing SystemVerilog file "C:/Users/Acer/Desktop/angi cid/sb4_refacut_cv/sb4_refacut_cv.srcs/sources_1/new/top.sv" into library xil_defaultlib
INFO: [VRFC 10-311] analyzing module top
INFO: [VRFC 10-2263] Analyzing SystemVerilog file "C:/Users/Acer/Desktop/angi cid/sb4_refacut_cv/sb4_refacut_cv.srcs/sim_1/new/top_tb.sv" into library xil_defaultlib
INFO: [VRFC 10-311] analyzing module top_tb
