Vivado Simulator 2020.2
Copyright 1986-1999, 2001-2020 Xilinx, Inc. All Rights Reserved.
Running: D:/Vivado/2020.2/bin/unwrapped/win64.o/xelab.exe -wto ceb0458e0ebb4b9582a3f12fe5e54543 --incr --debug typical --relax --mt 2 -L xil_defaultlib -L uvm -L unisims_ver -L unimacro_ver -L secureip --snapshot top_tb_behav xil_defaultlib.top_tb xil_defaultlib.glbl -log elaborate.log 
Using 2 slave threads.
Starting static elaboration
Pass Through NonSizing Optimizer
Completed static elaboration
Starting simulation data flow analysis
WARNING: [XSIM 43-4099] "C:/Users/Acer/Desktop/angi cid/sb4_refacut_cv/sb4_refacut_cv.srcs/sources_1/new/top.sv" Line 1. Module top doesn't have a timescale but at least one module in design has a timescale.
WARNING: [XSIM 43-4099] "C:/Users/Acer/Desktop/angi cid/sb4_refacut_cv/sb4_refacut_cv.srcs/sources_1/new/rom.sv" Line 1. Module rom doesn't have a timescale but at least one module in design has a timescale.
WARNING: [XSIM 43-4099] "C:/Users/Acer/Desktop/angi cid/sb4_refacut_cv/sb4_refacut_cv.srcs/sources_1/new/mux2.sv" Line 1. Module mux2 doesn't have a timescale but at least one module in design has a timescale.
WARNING: [XSIM 43-4099] "C:/Users/Acer/Desktop/angi cid/sb4_refacut_cv/sb4_refacut_cv.srcs/sources_1/new/or_bw.sv" Line 1. Module or_bw doesn't have a timescale but at least one module in design has a timescale.
WARNING: [XSIM 43-4099] "C:/Users/Acer/Desktop/angi cid/sb4_refacut_cv/sb4_refacut_cv.srcs/sources_1/new/sub.sv" Line 1. Module sub doesn't have a timescale but at least one module in design has a timescale.
WARNING: [XSIM 43-4099] "C:/Users/Acer/Desktop/angi cid/sb4_refacut_cv/sb4_refacut_cv.srcs/sources_1/new/add.sv" Line 1. Module add doesn't have a timescale but at least one module in design has a timescale.
WARNING: [XSIM 43-4099] "C:/Users/Acer/Desktop/angi cid/sb4_refacut_cv/sb4_refacut_cv.srcs/sources_1/new/shl.sv" Line 1. Module shl doesn't have a timescale but at least one module in design has a timescale.
WARNING: [XSIM 43-4099] "C:/Users/Acer/Desktop/angi cid/sb4_refacut_cv/sb4_refacut_cv.srcs/sources_1/new/mux4.sv" Line 1. Module mux4 doesn't have a timescale but at least one module in design has a timescale.
WARNING: [XSIM 43-4099] "C:/Users/Acer/Desktop/angi cid/sb4_refacut_cv/sb4_refacut_cv.srcs/sources_1/new/comp.sv" Line 1. Module comp doesn't have a timescale but at least one module in design has a timescale.
WARNING: [XSIM 43-4099] "C:/Users/Acer/Desktop/angi cid/sb4_refacut_cv/sb4_refacut_cv.srcs/sources_1/new/top.sv" Line 1. Module top doesn't have a timescale but at least one module in design has a timescale.
WARNING: [XSIM 43-4099] "C:/Users/Acer/Desktop/angi cid/sb4_refacut_cv/sb4_refacut_cv.srcs/sources_1/new/rom.sv" Line 1. Module rom doesn't have a timescale but at least one module in design has a timescale.
WARNING: [XSIM 43-4099] "C:/Users/Acer/Desktop/angi cid/sb4_refacut_cv/sb4_refacut_cv.srcs/sources_1/new/mux2.sv" Line 1. Module mux2 doesn't have a timescale but at least one module in design has a timescale.
WARNING: [XSIM 43-4099] "C:/Users/Acer/Desktop/angi cid/sb4_refacut_cv/sb4_refacut_cv.srcs/sources_1/new/or_bw.sv" Line 1. Module or_bw doesn't have a timescale but at least one module in design has a timescale.
WARNING: [XSIM 43-4099] "C:/Users/Acer/Desktop/angi cid/sb4_refacut_cv/sb4_refacut_cv.srcs/sources_1/new/sub.sv" Line 1. Module sub doesn't have a timescale but at least one module in design has a timescale.
WARNING: [XSIM 43-4099] "C:/Users/Acer/Desktop/angi cid/sb4_refacut_cv/sb4_refacut_cv.srcs/sources_1/new/add.sv" Line 1. Module add doesn't have a timescale but at least one module in design has a timescale.
WARNING: [XSIM 43-4099] "C:/Users/Acer/Desktop/angi cid/sb4_refacut_cv/sb4_refacut_cv.srcs/sources_1/new/shl.sv" Line 1. Module shl doesn't have a timescale but at least one module in design has a timescale.
WARNING: [XSIM 43-4099] "C:/Users/Acer/Desktop/angi cid/sb4_refacut_cv/sb4_refacut_cv.srcs/sources_1/new/mux4.sv" Line 1. Module mux4 doesn't have a timescale but at least one module in design has a timescale.
WARNING: [XSIM 43-4099] "C:/Users/Acer/Desktop/angi cid/sb4_refacut_cv/sb4_refacut_cv.srcs/sources_1/new/comp.sv" Line 1. Module comp doesn't have a timescale but at least one module in design has a timescale.
Completed simulation data flow analysis
Time Resolution for simulation is 1ps
Compiling module xil_defaultlib.rom
Compiling module xil_defaultlib.mux2
Compiling module xil_defaultlib.or_bw
Compiling module xil_defaultlib.sub
Compiling module xil_defaultlib.add
Compiling module xil_defaultlib.shl
Compiling module xil_defaultlib.mux4
Compiling module xil_defaultlib.comp
Compiling module xil_defaultlib.top
Compiling module xil_defaultlib.top_tb
Compiling module xil_defaultlib.glbl
Built simulation snapshot top_tb_behav
